// Jest Snapshot v1, https://goo.gl/fbAQLP

exports[`src/components/ConfigForm snapshot 1`] = `
<div>
  <canvas
    height={200}
    width={100}
  />
  <div
    className="MuiGrid-root MuiGrid-container MuiGrid-spacing-xs-2"
  >
    <div
      className="MuiGrid-root MuiGrid-item"
    >
      <button
        className="MuiButtonBase-root MuiButton-root MuiButton-contained MuiButton-containedSecondary"
        disabled={false}
        onBlur={[Function]}
        onClick={[Function]}
        onDragLeave={[Function]}
        onFocus={[Function]}
        onKeyDown={[Function]}
        onKeyUp={[Function]}
        onMouseDown={[Function]}
        onMouseLeave={[Function]}
        onMouseUp={[Function]}
        onTouchEnd={[Function]}
        onTouchMove={[Function]}
        onTouchStart={[Function]}
        tabIndex={0}
        type="button"
      >
        <span
          className="MuiButton-label"
        >
          Pause
        </span>
      </button>
    </div>
    <div
      className="MuiGrid-root MuiGrid-item"
    >
      <button
        className="MuiButtonBase-root MuiButton-root MuiButton-contained"
        disabled={false}
        onBlur={[Function]}
        onClick={[Function]}
        onDragLeave={[Function]}
        onFocus={[Function]}
        onKeyDown={[Function]}
        onKeyUp={[Function]}
        onMouseDown={[Function]}
        onMouseLeave={[Function]}
        onMouseUp={[Function]}
        onTouchEnd={[Function]}
        onTouchMove={[Function]}
        onTouchStart={[Function]}
        tabIndex={0}
        type="button"
      >
        <span
          className="MuiButton-label"
        >
          Step
        </span>
      </button>
    </div>
  </div>
</div>
`;
